// Jest Snapshot v1, https://goo.gl/fbAQLP

exports[`App should renders correctly 1`] = `
Array [
  .c0 {
  color: black;
}

<p
    className="c0"
  >
    First Commit
  </p>,
  .c0 {
  background-color: transparent;
  border: none;
  padding: 10px;
  margin: 8px;
  border-radius: 3px;
  -webkit-user-select: none;
  -moz-user-select: none;
  -ms-user-select: none;
  user-select: none;
  background-color: #5392f9;
  color: #ffffff;
}

.c0:hover {
  cursor: pointer;
}

.c0:focus {
  outline: none;
}

<button
    className="c0"
  >
    Click Button
  </button>,
]
`;
